SOLIDWORKS 34.3.2
Part 01_Main_shell
Part 02_Service_door_frame
Part 03_Upper_front_panel
Part 04_Lower_front_panel
Part 05_Optics_front_cover
Part 06_Input_shutter
Part 07_Door_EPDM_gasket
Part 08_Universal_mount_plate
Part 09_Rear_standoff_L
Part 10_Rear_standoff_R
Part 11_Dry_electronics_tray
Part 12_Dry_electronics_lid
Part 13_Controller_UNO_envelope
Part 14_Dual_power_fuse_module
Part 15_Display_bezel
Part 16_Display_protective_window
Part 17_QR_label_area
Part 18_Status_LED
Part 19_Buzzer_envelope
Part 20_Sealed_strip_cassette
Part 21_Cassette_sealed_lid
Part 22_Optical_chamber
Part 23_Optical_removable_lid
Part 24_Optical_insert_baffle
Part 25_Strip_datum_carrier
FAILED System.Exception: Extrusion failed Profile
   at LumaBuilder.Extrude(ModelDoc2 d, String name, Double depth, Double start)
   at LumaBuilder.BuildPart(Item a)
   at LumaBuilder.Main(String[] args)
